Java HotSpot(TM) 64-Bit Server VM (25.45-b02) for linux-amd64 JRE (1.8.0_45-b14), built on Apr 10 2015 10:07:45 by "java_re" with gcc 4.3.0 20080428 (Red Hat 4.3.0-8)
Memory: 4k page, physical 3924532k(3538972k free), swap 8388604k(8184928k free)
CommandLine flags: -XX:+CMSClassUnloadingEnabled -XX:CMSInitiatingOccupancyFraction=80 -XX:+DisableExplicitGC -XX:+HeapDumpOnOutOfMemoryError -XX:HeapDumpPath=/data/dataLogs/dump -XX:InitialHeapSize=3221225472 -XX:+ManagementServer -XX:MaxHeapSize=3221225472 -XX:MaxNewSize=2147483648 -XX:NewSize=2147483648 -XX:OldPLABSize=16 -XX:ParallelGCThreads=3 -XX:+PerfDataSaveToFile -XX:+PrintGC -XX:+PrintGCDateStamps -XX:+PrintGCDetails -XX:+PrintGCTimeStamps -XX:SurvivorRatio=10 -XX:+UseCMSCompactAtFullCollection -XX:+UseCMSInitiatingOccupancyOnly -XX:+UseCompressedClassPointers -XX:+UseCompressedOops -XX:+UseConcMarkSweepGC -XX:+UseParNewGC 
2020-06-09T09:42:03.795+0800: 6.527: [GC (CMS Initial Mark) [1 CMS-initial-mark: 0K(1048576K)] 908815K(2971008K), 0.0426732 secs] [Times: user=0.06 sys=0.00, real=0.05 secs] 
2020-06-09T09:42:03.838+0800: 6.570: [CMS-concurrent-mark-start]
2020-06-09T09:42:03.864+0800: 6.596: [CMS-concurrent-mark: 0.026/0.026 secs] [Times: user=0.03 sys=0.00, real=0.02 secs] 
2020-06-09T09:42:03.864+0800: 6.596: [CMS-concurrent-preclean-start]
2020-06-09T09:42:03.867+0800: 6.599: [CMS-concurrent-preclean: 0.003/0.003 secs] [Times: user=0.01 sys=0.00, real=0.00 secs] 
2020-06-09T09:42:03.867+0800: 6.599: [CMS-concurrent-abortable-preclean-start]
 CMS: abort preclean due to time 2020-06-09T09:42:08.900+0800: 11.632: [CMS-concurrent-abortable-preclean: 0.193/5.033 secs] [Times: user=6.80 sys=0.27, real=5.04 secs] 
2020-06-09T09:42:08.906+0800: 11.637: [GC (CMS Final Remark) [YG occupancy: 1223404 K (1922432 K)]11.637: [Rescan (parallel) , 0.0680460 secs]11.706: [weak refs processing, 0.0000288 secs]11.706: [class unloading, 0.0123722 secs]11.718: [scrub symbol table, 0.0030046 secs]11.721: [scrub string table, 0.0006668 secs][1 CMS-remark: 0K(1048576K)] 1223404K(2971008K), 0.0852599 secs] [Times: user=0.15 sys=0.00, real=0.09 secs] 
2020-06-09T09:42:08.998+0800: 11.729: [CMS-concurrent-sweep-start]
2020-06-09T09:42:08.998+0800: 11.729: [CMS-concurrent-sweep: 0.000/0.000 secs] [Times: user=0.00 sys=0.00, real=0.00 secs] 
2020-06-09T09:42:08.998+0800: 11.729: [CMS-concurrent-reset-start]
2020-06-09T09:42:09.010+0800: 11.741: [CMS-concurrent-reset: 0.012/0.012 secs] [Times: user=0.02 sys=0.00, real=0.02 secs] 
2020-06-09T09:42:12.448+0800: 15.180: [GC (Allocation Failure) 15.180: [ParNew: 1747712K->108338K(1922432K), 0.1987968 secs] 1747712K->108338K(2971008K), 0.1989107 secs] [Times: user=0.18 sys=0.04, real=0.20 secs] 
2020-06-09T09:42:24.842+0800: 27.574: [GC (Allocation Failure) 27.574: [ParNew: 1856050K->174719K(1922432K), 0.7357194 secs] 1856050K->326210K(2971008K), 0.7358671 secs] [Times: user=0.83 sys=0.09, real=0.73 secs] 
2020-06-09T09:42:27.588+0800: 30.320: [GC (CMS Initial Mark) [1 CMS-initial-mark: 151490K(1048576K)] 680513K(2971008K), 0.0923995 secs] [Times: user=0.17 sys=0.00, real=0.09 secs] 
2020-06-09T09:42:27.680+0800: 30.412: [CMS-concurrent-mark-start]
2020-06-09T09:42:27.802+0800: 30.533: [CMS-concurrent-mark: 0.121/0.121 secs] [Times: user=0.23 sys=0.00, real=0.13 secs] 
2020-06-09T09:42:27.802+0800: 30.534: [CMS-concurrent-preclean-start]
2020-06-09T09:42:27.807+0800: 30.539: [CMS-concurrent-preclean: 0.005/0.005 secs] [Times: user=0.01 sys=0.00, real=0.00 secs] 
2020-06-09T09:42:27.807+0800: 30.539: [CMS-concurrent-abortable-preclean-start]
 CMS: abort preclean due to time 2020-06-09T09:42:34.042+0800: 36.774: [CMS-concurrent-abortable-preclean: 5.980/6.235 secs] [Times: user=10.51 sys=0.17, real=6.23 secs] 
2020-06-09T09:42:34.048+0800: 36.780: [GC (CMS Final Remark) [YG occupancy: 1227851 K (1922432 K)]36.780: [Rescan (parallel) , 0.3307075 secs]37.110: [weak refs processing, 0.0052066 secs]37.116: [class unloading, 0.0331281 secs]37.149: [scrub symbol table, 0.0109324 secs]37.160: [scrub string table, 0.0014455 secs][1 CMS-remark: 151490K(1048576K)] 1379341K(2971008K), 0.3856421 secs] [Times: user=0.70 sys=0.00, real=0.39 secs] 
2020-06-09T09:42:34.434+0800: 37.166: [CMS-concurrent-sweep-start]
2020-06-09T09:42:34.498+0800: 37.229: [CMS-concurrent-sweep: 0.063/0.063 secs] [Times: user=0.11 sys=0.00, real=0.06 secs] 
2020-06-09T09:42:34.512+0800: 37.243: [CMS-concurrent-reset-start]
2020-06-09T09:42:34.515+0800: 37.247: [CMS-concurrent-reset: 0.003/0.003 secs] [Times: user=0.01 sys=0.00, real=0.01 secs] 
2020-06-09T09:42:38.328+0800: 41.059: [GC (Allocation Failure) 41.059: [ParNew: 1922431K->127243K(1922432K), 0.1820220 secs] 2003153K->245048K(2971008K), 0.1821985 secs] [Times: user=0.28 sys=0.01, real=0.18 secs] 
2020-06-09T09:42:44.459+0800: 47.191: [GC (Allocation Failure) 47.191: [ParNew: 1874955K->116885K(1922432K), 0.1728429 secs] 1992760K->254658K(2971008K), 0.1730100 secs] [Times: user=0.34 sys=0.00, real=0.17 secs] 
2020-06-09T09:43:08.611+0800: 71.343: [GC (Allocation Failure) 71.343: [ParNew: 1864597K->63034K(1922432K), 0.0917809 secs] 2002370K->205020K(2971008K), 0.0923942 secs] [Times: user=0.12 sys=0.00, real=0.09 secs] 
2020-06-09T09:43:40.794+0800: 103.526: [GC (Allocation Failure) 103.526: [ParNew: 1810746K->22168K(1922432K), 0.0415628 secs] 1952732K->164155K(2971008K), 0.0424548 secs] [Times: user=0.07 sys=0.00, real=0.04 secs] 
2020-06-09T09:44:16.383+0800: 139.115: [GC (Allocation Failure) 139.115: [ParNew: 1769880K->19815K(1922432K), 0.0381828 secs] 1911867K->161802K(2971008K), 0.0386024 secs] [Times: user=0.07 sys=0.00, real=0.04 secs] 
2020-06-09T09:45:00.382+0800: 183.114: [GC (Allocation Failure) 183.114: [ParNew: 1767527K->20696K(1922432K), 0.0399691 secs] 1909514K->162683K(2971008K), 0.0404978 secs] [Times: user=0.07 sys=0.01, real=0.04 secs] 
2020-06-09T09:45:45.424+0800: 228.156: [GC (Allocation Failure) 228.156: [ParNew: 1768408K->21794K(1922432K), 0.0402267 secs] 1910395K->163781K(2971008K), 0.0406635 secs] [Times: user=0.07 sys=0.00, real=0.04 secs] 
2020-06-09T09:46:30.882+0800: 273.614: [GC (Allocation Failure) 273.614: [ParNew: 1769506K->22332K(1922432K), 0.0396059 secs] 1911493K->164318K(2971008K), 0.0400878 secs] [Times: user=0.08 sys=0.01, real=0.04 secs] 
2020-06-09T09:47:14.866+0800: 317.598: [GC (Allocation Failure) 317.598: [ParNew: 1765363K->28656K(1922432K), 0.0675598 secs] 1907349K->170643K(2971008K), 0.0680521 secs] [Times: user=0.13 sys=0.00, real=0.06 secs] 
2020-06-09T09:48:00.303+0800: 363.035: [GC (Allocation Failure) 363.035: [ParNew: 1776368K->21808K(1922432K), 0.0441419 secs] 1918355K->163795K(2971008K), 0.0446419 secs] [Times: user=0.09 sys=0.00, real=0.04 secs] 
2020-06-09T09:48:45.980+0800: 408.712: [GC (Allocation Failure) 408.712: [ParNew: 1769520K->25943K(1922432K), 0.0492736 secs] 1911507K->167930K(2971008K), 0.0497606 secs] [Times: user=0.10 sys=0.00, real=0.05 secs] 
2020-06-09T09:49:31.886+0800: 454.618: [GC (Allocation Failure) 454.618: [ParNew: 1773655K->25479K(1922432K), 0.0457191 secs] 1915642K->167466K(2971008K), 0.0462602 secs] [Times: user=0.09 sys=0.00, real=0.04 secs] 
2020-06-09T09:50:18.027+0800: 500.759: [GC (Allocation Failure) 500.759: [ParNew: 1773191K->25642K(1922432K), 0.0500362 secs] 1915178K->167629K(2971008K), 0.0505087 secs] [Times: user=0.09 sys=0.00, real=0.05 secs] 
2020-06-09T09:51:04.048+0800: 546.779: [GC (Allocation Failure) 546.780: [ParNew: 1773354K->25869K(1922432K), 0.0488460 secs] 1915341K->167855K(2971008K), 0.0493456 secs] [Times: user=0.09 sys=0.00, real=0.05 secs] 
2020-06-09T09:51:50.379+0800: 593.111: [GC (Allocation Failure) 593.111: [ParNew: 1773581K->26241K(1922432K), 0.0512728 secs] 1915567K->168227K(2971008K), 0.0517525 secs] [Times: user=0.09 sys=0.00, real=0.05 secs] 
2020-06-09T09:52:35.293+0800: 638.025: [GC (Allocation Failure) 638.025: [ParNew: 1773953K->26573K(1922432K), 0.0536531 secs] 1915939K->168560K(2971008K), 0.0541527 secs] [Times: user=0.10 sys=0.00, real=0.06 secs] 
2020-06-09T09:53:21.884+0800: 684.616: [GC (Allocation Failure) 684.616: [ParNew: 1774285K->26870K(1922432K), 0.0792419 secs] 1916272K->168857K(2971008K), 0.0797220 secs] [Times: user=0.15 sys=0.01, real=0.08 secs] 
2020-06-09T09:54:08.380+0800: 731.112: [GC (Allocation Failure) 731.112: [ParNew: 1774582K->20435K(1922432K), 0.1282036 secs] 1916569K->176998K(2971008K), 0.1287064 secs] [Times: user=0.12 sys=0.06, real=0.13 secs] 
2020-06-09T09:54:54.590+0800: 777.321: [GC (Allocation Failure) 777.322: [ParNew: 1768147K->8879K(1922432K), 0.0369245 secs] 1924710K->165588K(2971008K), 0.0375165 secs] [Times: user=0.07 sys=0.00, real=0.04 secs] 
2020-06-09T09:55:40.902+0800: 823.634: [GC (Allocation Failure) 823.634: [ParNew: 1756591K->10126K(1922432K), 0.0354174 secs] 1913300K->167325K(2971008K), 0.0359370 secs] [Times: user=0.07 sys=0.00, real=0.03 secs] 
2020-06-09T09:56:27.382+0800: 870.114: [GC (Allocation Failure) 870.114: [ParNew: 1757838K->7147K(1922432K), 0.0332539 secs] 1915037K->164976K(2971008K), 0.0337319 secs] [Times: user=0.06 sys=0.00, real=0.03 secs] 
2020-06-09T09:57:13.926+0800: 916.658: [GC (Allocation Failure) 916.658: [ParNew: 1754859K->7597K(1922432K), 0.0459514 secs] 1912688K->165468K(2971008K), 0.0464107 secs] [Times: user=0.06 sys=0.00, real=0.05 secs] 
2020-06-09T09:57:58.591+0800: 961.323: [GC (Allocation Failure) 961.323: [ParNew: 1755309K->7867K(1922432K), 0.0403203 secs] 1913180K->165759K(2971008K), 0.0408226 secs] [Times: user=0.08 sys=0.00, real=0.04 secs] 
2020-06-09T09:58:45.107+0800: 1007.839: [GC (Allocation Failure) 1007.839: [ParNew: 1755579K->4858K(1922432K), 0.0649642 secs] 1913471K->163949K(2971008K), 0.0654905 secs] [Times: user=0.07 sys=0.03, real=0.07 secs] 
2020-06-09T09:59:31.498+0800: 1054.230: [GC (Allocation Failure) 1054.230: [ParNew: 1752570K->4022K(1922432K), 0.0331342 secs] 1911661K->163145K(2971008K), 0.0336631 secs] [Times: user=0.06 sys=0.00, real=0.03 secs] 
2020-06-09T10:00:17.706+0800: 1100.438: [GC (Allocation Failure) 1100.439: [ParNew: 1751734K->6108K(1922432K), 0.0314755 secs] 1910857K->165254K(2971008K), 0.0319748 secs] [Times: user=0.06 sys=0.00, real=0.03 secs] 
2020-06-09T10:01:04.186+0800: 1146.918: [GC (Allocation Failure) 1146.918: [ParNew: 1753820K->4573K(1922432K), 0.0299431 secs] 1912966K->163737K(2971008K), 0.0304899 secs] [Times: user=0.05 sys=0.00, real=0.03 secs] 
2020-06-09T10:01:50.707+0800: 1193.439: [GC (Allocation Failure) 1193.439: [ParNew: 1752285K->6478K(1922432K), 0.0293473 secs] 1911449K->165657K(2971008K), 0.0298377 secs] [Times: user=0.06 sys=0.00, real=0.03 secs] 
2020-06-09T10:02:36.761+0800: 1239.493: [GC (Allocation Failure) 1239.493: [ParNew: 1754190K->4409K(1922432K), 0.0293710 secs] 1913369K->163605K(2971008K), 0.0298705 secs] [Times: user=0.05 sys=0.00, real=0.03 secs] 
2020-06-09T10:03:22.879+0800: 1285.611: [GC (Allocation Failure) 1285.611: [ParNew: 1752121K->5504K(1922432K), 0.0305108 secs] 1911317K->164725K(2971008K), 0.0309700 secs] [Times: user=0.06 sys=0.00, real=0.03 secs] 
2020-06-09T10:04:09.301+0800: 1332.033: [GC (Allocation Failure) 1332.033: [ParNew: 1753216K->4757K(1922432K), 0.0291871 secs] 1912437K->164013K(2971008K), 0.0296268 secs] [Times: user=0.05 sys=0.00, real=0.03 secs] 
2020-06-09T10:04:55.708+0800: 1378.440: [GC (Allocation Failure) 1378.440: [ParNew: 1752469K->4847K(1922432K), 0.0324629 secs] 1911725K->164120K(2971008K), 0.0329295 secs] [Times: user=0.06 sys=0.00, real=0.03 secs] 
2020-06-09T10:05:43.121+0800: 1425.853: [GC (Allocation Failure) 1425.853: [ParNew: 1752559K->4902K(1922432K), 0.0322187 secs] 1911832K->164191K(2971008K), 0.0326736 secs] [Times: user=0.06 sys=0.00, real=0.04 secs] 
2020-06-09T10:06:28.786+0800: 1471.518: [GC (Allocation Failure) 1471.518: [ParNew: 1752614K->5978K(1922432K), 0.0317323 secs] 1911903K->165281K(2971008K), 0.0322134 secs] [Times: user=0.05 sys=0.00, real=0.03 secs] 
2020-06-09T10:07:15.232+0800: 1517.963: [GC (Allocation Failure) 1517.964: [ParNew: 1753690K->4571K(1922432K), 0.0312914 secs] 1912993K->163888K(2971008K), 0.0317723 secs] [Times: user=0.06 sys=0.00, real=0.03 secs] 
2020-06-09T10:08:01.691+0800: 1564.422: [GC (Allocation Failure) 1564.423: [ParNew: 1752283K->5416K(1922432K), 0.0337047 secs] 1911600K->164746K(2971008K), 0.0342036 secs] [Times: user=0.06 sys=0.00, real=0.04 secs] 
2020-06-09T10:08:48.000+0800: 1610.732: [GC (Allocation Failure) 1610.733: [ParNew: 1753128K->4744K(1922432K), 0.0310057 secs] 1912458K->164088K(2971008K), 0.0315408 secs] [Times: user=0.06 sys=0.00, real=0.04 secs] 
2020-06-09T10:09:34.342+0800: 1657.074: [GC (Allocation Failure) 1657.074: [ParNew: 1752456K->5977K(1922432K), 0.0319056 secs] 1911800K->165340K(2971008K), 0.0323655 secs] [Times: user=0.06 sys=0.00, real=0.03 secs] 
2020-06-09T10:10:20.395+0800: 1703.127: [GC (Allocation Failure) 1703.127: [ParNew: 1753689K->4798K(1922432K), 0.0306140 secs] 1913052K->164176K(2971008K), 0.0310516 secs] [Times: user=0.06 sys=0.00, real=0.04 secs] 
2020-06-09T10:11:06.604+0800: 1749.335: [GC (Allocation Failure) 1749.336: [ParNew: 1752510K->4792K(1922432K), 0.0308780 secs] 1911888K->164185K(2971008K), 0.0313834 secs] [Times: user=0.06 sys=0.00, real=0.03 secs] 
2020-06-09T10:11:52.788+0800: 1795.520: [GC (Allocation Failure) 1795.520: [ParNew: 1752504K->5997K(1922432K), 0.0365646 secs] 1911897K->165404K(2971008K), 0.0370425 secs] [Times: user=0.07 sys=0.00, real=0.04 secs] 
2020-06-09T10:12:37.848+0800: 1840.580: [GC (Allocation Failure) 1840.580: [ParNew: 1753709K->13201K(1922432K), 0.0411450 secs] 1913116K->172621K(2971008K), 0.0416337 secs] [Times: user=0.08 sys=0.00, real=0.04 secs] 
2020-06-09T10:13:22.704+0800: 1885.436: [GC (Allocation Failure) 1885.436: [ParNew: 1760913K->8693K(1922432K), 0.0321060 secs] 1920333K->168129K(2971008K), 0.0325776 secs] [Times: user=0.06 sys=0.01, real=0.03 secs] 
2020-06-09T10:14:07.884+0800: 1930.616: [GC (Allocation Failure) 1930.616: [ParNew: 1756405K->10171K(1922432K), 0.0385683 secs] 1915841K->169622K(2971008K), 0.0390306 secs] [Times: user=0.07 sys=0.00, real=0.04 secs] 
2020-06-09T10:14:53.934+0800: 1976.666: [GC (Allocation Failure) 1976.666: [ParNew: 1757883K->10882K(1922432K), 0.0373110 secs] 1917334K->170350K(2971008K), 0.0378004 secs] [Times: user=0.07 sys=0.01, real=0.04 secs] 
2020-06-09T10:15:40.225+0800: 2022.957: [GC (Allocation Failure) 2022.957: [ParNew: 1758594K->8902K(1922432K), 0.0365275 secs] 1918062K->168387K(2971008K), 0.0370206 secs] [Times: user=0.06 sys=0.00, real=0.03 secs] 
2020-06-09T10:16:25.440+0800: 2068.172: [GC (Allocation Failure) 2068.172: [ParNew: 1756614K->11175K(1922432K), 0.0373832 secs] 1916099K->170675K(2971008K), 0.0378210 secs] [Times: user=0.06 sys=0.00, real=0.04 secs] 
2020-06-09T10:17:10.497+0800: 2113.229: [GC (Allocation Failure) 2113.229: [ParNew: 1758887K->8984K(1922432K), 0.0407629 secs] 1918387K->168532K(2971008K), 0.0412955 secs] [Times: user=0.07 sys=0.01, real=0.05 secs] 
2020-06-09T10:17:56.891+0800: 2159.623: [GC (Allocation Failure) 2159.623: [ParNew: 1756696K->8980K(1922432K), 0.0346885 secs] 1916244K->168542K(2971008K), 0.0351740 secs] [Times: user=0.07 sys=0.00, real=0.04 secs] 
2020-06-09T10:18:43.256+0800: 2205.987: [GC (Allocation Failure) 2205.988: [ParNew: 1756692K->11177K(1922432K), 0.0403870 secs] 1916254K->170753K(2971008K), 0.0409016 secs] [Times: user=0.07 sys=0.00, real=0.04 secs] 
2020-06-09T10:19:29.346+0800: 2252.078: [GC (Allocation Failure) 2252.078: [ParNew: 1758889K->8975K(1922432K), 0.0347747 secs] 1918465K->168564K(2971008K), 0.0352565 secs] [Times: user=0.06 sys=0.00, real=0.04 secs] 
2020-06-09T10:20:15.752+0800: 2298.484: [GC (Allocation Failure) 2298.484: [ParNew: 1756687K->9031K(1922432K), 0.0341482 secs] 1916276K->168634K(2971008K), 0.0346251 secs] [Times: user=0.06 sys=0.00, real=0.04 secs] 
2020-06-09T10:21:02.185+0800: 2344.917: [GC (Allocation Failure) 2344.917: [ParNew: 1756743K->11234K(1922432K), 0.0355993 secs] 1916346K->170852K(2971008K), 0.0360938 secs] [Times: user=0.06 sys=0.00, real=0.03 secs] 
2020-06-09T10:21:48.519+0800: 2391.250: [GC (Allocation Failure) 2391.251: [ParNew: 1758946K->8389K(1922432K), 0.0324766 secs] 1918564K->168020K(2971008K), 0.0329746 secs] [Times: user=0.06 sys=0.00, real=0.04 secs] 
2020-06-09T10:22:34.731+0800: 2437.463: [GC (Allocation Failure) 2437.463: [ParNew: 1756101K->10075K(1922432K), 0.0351700 secs] 1915732K->169720K(2971008K), 0.0356988 secs] [Times: user=0.07 sys=0.00, real=0.03 secs] 
2020-06-09T10:23:21.194+0800: 2483.926: [GC (Allocation Failure) 2483.927: [ParNew: 1757787K->8660K(1922432K), 0.0331223 secs] 1917432K->168496K(2971008K), 0.0339284 secs] [Times: user=0.06 sys=0.00, real=0.04 secs] 
2020-06-09T10:24:06.855+0800: 2529.587: [GC (Allocation Failure) 2529.587: [ParNew: 1756372K->9172K(1922432K), 0.0380871 secs] 1916208K->169747K(2971008K), 0.0385954 secs] [Times: user=0.06 sys=0.00, real=0.04 secs] 
2020-06-09T10:24:55.889+0800: 2578.621: [GC (Allocation Failure) 2578.621: [ParNew: 1756884K->6531K(1922432K), 0.0381510 secs] 1917459K->169290K(2971008K), 0.0386425 secs] [Times: user=0.08 sys=0.00, real=0.03 secs] 
2020-06-09T10:27:13.886+0800: 2716.618: [GC (Allocation Failure) 2716.618: [ParNew: 1754243K->6205K(1922432K), 0.0365158 secs] 1917002K->168986K(2971008K), 0.0370300 secs] [Times: user=0.06 sys=0.00, real=0.04 secs] 
2020-06-09T10:29:31.884+0800: 2854.616: [GC (Allocation Failure) 2854.616: [ParNew: 1753917K->7430K(1922432K), 0.0359141 secs] 1916698K->170246K(2971008K), 0.0363956 secs] [Times: user=0.07 sys=0.00, real=0.04 secs] 
2020-06-09T10:31:29.445+0800: 2972.177: [GC (Allocation Failure) 2972.177: [ParNew: 1755142K->14209K(1922432K), 0.0400394 secs] 1917958K->177156K(2971008K), 0.0405301 secs] [Times: user=0.08 sys=0.00, real=0.04 secs] 
2020-06-09T10:33:38.385+0800: 3101.117: [GC (Allocation Failure) 3101.117: [ParNew: 1761921K->7181K(1922432K), 0.0342778 secs] 1924868K->170347K(2971008K), 0.0348027 secs] [Times: user=0.06 sys=0.00, real=0.04 secs] 
2020-06-09T10:35:47.676+0800: 3230.407: [GC (Allocation Failure) 3230.408: [ParNew: 1754893K->7159K(1922432K), 0.0338943 secs] 1918059K->170554K(2971008K), 0.0344053 secs] [Times: user=0.06 sys=0.00, real=0.04 secs] 
2020-06-09T10:37:55.537+0800: 3358.269: [GC (Allocation Failure) 3358.269: [ParNew: 1754871K->8400K(1922432K), 0.0349891 secs] 1918266K->172030K(2971008K), 0.0355019 secs] [Times: user=0.07 sys=0.00, real=0.04 secs] 
2020-06-09T10:40:02.965+0800: 3485.697: [GC (Allocation Failure) 3485.697: [ParNew: 1756112K->6533K(1922432K), 0.0368644 secs] 1919742K->170394K(2971008K), 0.0373715 secs] [Times: user=0.07 sys=0.00, real=0.04 secs] 
2020-06-09T10:42:10.722+0800: 3613.454: [GC (Allocation Failure) 3613.454: [ParNew: 1754245K->7603K(1922432K), 0.0373319 secs] 1918106K->171695K(2971008K), 0.0378101 secs] [Times: user=0.06 sys=0.00, real=0.04 secs] 
2020-06-09T10:44:19.728+0800: 3742.460: [GC (Allocation Failure) 3742.460: [ParNew: 1755315K->8952K(1922432K), 0.0330713 secs] 1919407K->173276K(2971008K), 0.0335876 secs] [Times: user=0.06 sys=0.00, real=0.03 secs] 
2020-06-09T10:46:27.380+0800: 3870.112: [GC (Allocation Failure) 3870.112: [ParNew: 1756664K->9327K(1922432K), 0.0328662 secs] 1920988K->173882K(2971008K), 0.0333656 secs] [Times: user=0.06 sys=0.00, real=0.03 secs] 
2020-06-09T10:48:36.068+0800: 3998.800: [GC (Allocation Failure) 3998.800: [ParNew: 1757039K->7315K(1922432K), 0.0320787 secs] 1921594K->172101K(2971008K), 0.0326272 secs] [Times: user=0.06 sys=0.00, real=0.03 secs] 
2020-06-09T10:50:44.602+0800: 4127.334: [GC (Allocation Failure) 4127.334: [ParNew: 1755027K->8441K(1922432K), 0.0386503 secs] 1919813K->173456K(2971008K), 0.0391785 secs] [Times: user=0.06 sys=0.00, real=0.04 secs] 
2020-06-09T10:52:52.886+0800: 4255.618: [GC (Allocation Failure) 4255.618: [ParNew: 1756153K->8908K(1922432K), 0.0365565 secs] 1921168K->174155K(2971008K), 0.0370166 secs] [Times: user=0.07 sys=0.00, real=0.03 secs] 
2020-06-09T10:55:01.371+0800: 4384.103: [GC (Allocation Failure) 4384.103: [ParNew: 1756620K->7422K(1922432K), 0.0428540 secs] 1921867K->173265K(2971008K), 0.0433473 secs] [Times: user=0.07 sys=0.00, real=0.05 secs] 
2020-06-09T10:57:09.936+0800: 4512.668: [GC (Allocation Failure) 4512.668: [ParNew: 1755134K->7029K(1922432K), 0.0342144 secs] 1920977K->173641K(2971008K), 0.0346895 secs] [Times: user=0.06 sys=0.00, real=0.03 secs] 
2020-06-09T10:59:18.167+0800: 4640.899: [GC (Allocation Failure) 4640.899: [ParNew: 1754741K->6322K(1922432K), 0.0307576 secs] 1921353K->173094K(2971008K), 0.0312481 secs] [Times: user=0.05 sys=0.00, real=0.03 secs] 
2020-06-09T11:01:26.384+0800: 4769.116: [GC (Allocation Failure) 4769.116: [ParNew: 1754034K->7378K(1922432K), 0.0326477 secs] 1920806K->174331K(2971008K), 0.0331521 secs] [Times: user=0.06 sys=0.00, real=0.03 secs] 
2020-06-09T11:03:40.847+0800: 4903.579: [GC (Allocation Failure) 4903.579: [ParNew: 1755090K->6596K(1922432K), 0.0334177 secs] 1922043K->173709K(2971008K), 0.0339041 secs] [Times: user=0.06 sys=0.00, real=0.03 secs] 
2020-06-09T11:05:49.934+0800: 5032.666: [GC (Allocation Failure) 5032.667: [ParNew: 1754308K->5635K(1922432K), 0.0343617 secs] 1921421K->172897K(2971008K), 0.0348659 secs] [Times: user=0.06 sys=0.00, real=0.03 secs] 
2020-06-09T11:07:56.838+0800: 5159.570: [GC (Allocation Failure) 5159.571: [ParNew: 1753347K->5930K(1922432K), 0.0320159 secs] 1920609K->173332K(2971008K), 0.0324687 secs] [Times: user=0.06 sys=0.00, real=0.04 secs] 
2020-06-09T11:15:59.226+0800: 5641.958: [GC (Allocation Failure) 5641.958: [ParNew: 1753633K->7733K(1922432K), 0.0383741 secs] 1921035K->175276K(2971008K), 0.0388746 secs] [Times: user=0.07 sys=0.00, real=0.04 secs] 
2020-06-09T12:01:11.028+0800: 8353.760: [GC (Allocation Failure) 8353.760: [ParNew: 1755445K->7475K(1922432K), 0.0308536 secs] 1922988K->175154K(2971008K), 0.0313831 secs] [Times: user=0.05 sys=0.00, real=0.03 secs] 
2020-06-09T12:47:20.293+0800: 11123.024: [GC (Allocation Failure) 11123.025: [ParNew: 1755187K->7080K(1922432K), 0.0345639 secs] 1922866K->174916K(2971008K), 0.0350563 secs] [Times: user=0.06 sys=0.00, real=0.04 secs] 
2020-06-09T13:31:57.625+0800: 13800.357: [GC (Allocation Failure) 13800.357: [ParNew: 1754792K->5330K(1922432K), 0.0334303 secs] 1922628K->173306K(2971008K), 0.0339059 secs] [Times: user=0.06 sys=0.00, real=0.03 secs] 
2020-06-09T14:17:01.405+0800: 16504.136: [GC (Allocation Failure) 16504.137: [ParNew: 1753042K->5873K(1922432K), 0.0538528 secs] 1921018K->173989K(2971008K), 0.0543930 secs] [Times: user=0.06 sys=0.02, real=0.06 secs] 
2020-06-09T14:56:48.379+0800: 18891.111: [GC (Allocation Failure) 18891.111: [ParNew: 1753585K->6599K(1922432K), 0.0304801 secs] 1921701K->174854K(2971008K), 0.0309235 secs] [Times: user=0.06 sys=0.00, real=0.03 secs] 
2020-06-09T15:40:03.982+0800: 21486.713: [GC (Allocation Failure) 21486.714: [ParNew: 1754311K->6164K(1922432K), 0.0344938 secs] 1922566K->174555K(2971008K), 0.0349976 secs] [Times: user=0.06 sys=0.00, real=0.04 secs] 
2020-06-09T16:26:29.035+0800: 24271.767: [GC (Allocation Failure) 24271.767: [ParNew: 1753876K->6689K(1922432K), 0.0306547 secs] 1922267K->175218K(2971008K), 0.0311719 secs] [Times: user=0.06 sys=0.00, real=0.03 secs] 
2020-06-09T17:12:47.776+0800: 27050.508: [GC (Allocation Failure) 27050.509: [ParNew: 1754401K->5611K(1922432K), 0.0337140 secs] 1922930K->174292K(2971008K), 0.0342262 secs] [Times: user=0.06 sys=0.00, real=0.04 secs] 
2020-06-09T17:59:23.854+0800: 29846.586: [GC (Allocation Failure) 29846.586: [ParNew: 1753323K->4980K(1922432K), 0.0325814 secs] 1922004K->173800K(2971008K), 0.0330997 secs] [Times: user=0.05 sys=0.00, real=0.03 secs] 
2020-06-09T18:46:01.150+0800: 32643.881: [GC (Allocation Failure) 32643.882: [ParNew: 1752692K->6488K(1922432K), 0.0330186 secs] 1921512K->175446K(2971008K), 0.0335264 secs] [Times: user=0.06 sys=0.00, real=0.03 secs] 
2020-06-09T19:32:56.224+0800: 35458.956: [GC (Allocation Failure) 35458.956: [ParNew: 1754200K->5173K(1922432K), 0.0314217 secs] 1923158K->174268K(2971008K), 0.0323966 secs] [Times: user=0.06 sys=0.00, real=0.04 secs] 
2020-06-09T20:19:35.268+0800: 38258.000: [GC (Allocation Failure) 38258.000: [ParNew: 1752885K->6475K(1922432K), 0.0372429 secs] 1921980K->175708K(2971008K), 0.0376970 secs] [Times: user=0.07 sys=0.00, real=0.04 secs] 
2020-06-09T21:06:28.379+0800: 41071.111: [GC (Allocation Failure) 41071.111: [ParNew: 1754187K->5640K(1922432K), 0.0318778 secs] 1923420K->175012K(2971008K), 0.0323303 secs] [Times: user=0.05 sys=0.00, real=0.04 secs] 
2020-06-09T21:53:31.380+0800: 43894.112: [GC (Allocation Failure) 43894.112: [ParNew: 1753352K->5037K(1922432K), 0.0332665 secs] 1922724K->174564K(2971008K), 0.0337829 secs] [Times: user=0.05 sys=0.00, real=0.03 secs] 
2020-06-09T22:40:12.433+0800: 46695.165: [GC (Allocation Failure) 46695.165: [ParNew: 1752749K->5321K(1922432K), 0.0309092 secs] 1922276K->175006K(2971008K), 0.0313694 secs] [Times: user=0.06 sys=0.00, real=0.04 secs] 
2020-06-09T23:28:19.296+0800: 49582.028: [GC (Allocation Failure) 49582.028: [ParNew: 1753033K->4796K(1922432K), 0.0283757 secs] 1922718K->174565K(2971008K), 0.0288348 secs] [Times: user=0.05 sys=0.00, real=0.03 secs] 
2020-06-10T00:16:31.884+0800: 52474.616: [GC (Allocation Failure) 52474.617: [ParNew: 1752508K->6026K(1922432K), 0.0315164 secs] 1922277K->175978K(2971008K), 0.0319744 secs] [Times: user=0.05 sys=0.01, real=0.03 secs] 
2020-06-10T01:04:39.179+0800: 55361.911: [GC (Allocation Failure) 55361.911: [ParNew: 1753738K->6067K(1922432K), 0.0303867 secs] 1923690K->176098K(2971008K), 0.0308936 secs] [Times: user=0.05 sys=0.00, real=0.03 secs] 
2020-06-10T01:54:23.264+0800: 58345.995: [GC (Allocation Failure) 58345.996: [ParNew: 1753779K->4743K(1922432K), 0.0307622 secs] 1923810K->174863K(2971008K), 0.0312445 secs] [Times: user=0.06 sys=0.00, real=0.03 secs] 
2020-06-10T02:43:59.710+0800: 61322.442: [GC (Allocation Failure) 61322.442: [ParNew: 1752455K->5982K(1922432K), 0.0680514 secs] 1922575K->176209K(2971008K), 0.0686611 secs] [Times: user=0.05 sys=0.04, real=0.07 secs] 
2020-06-10T03:33:13.975+0800: 64276.707: [GC (Allocation Failure) 64276.707: [ParNew: 1753694K->6034K(1922432K), 0.0290417 secs] 1923921K->176359K(2971008K), 0.0295079 secs] [Times: user=0.04 sys=0.00, real=0.03 secs] 
2020-06-10T04:23:02.441+0800: 67265.172: [GC (Allocation Failure) 67265.173: [ParNew: 1753746K->4725K(1922432K), 0.0287300 secs] 1924071K->175128K(2971008K), 0.0292054 secs] [Times: user=0.06 sys=0.00, real=0.03 secs] 
2020-06-10T05:12:06.738+0800: 70209.470: [GC (Allocation Failure) 70209.470: [ParNew: 1752437K->6713K(1922432K), 0.0295547 secs] 1922840K->177198K(2971008K), 0.0300322 secs] [Times: user=0.05 sys=0.00, real=0.03 secs] 
2020-06-10T05:59:38.676+0800: 73061.408: [GC (Allocation Failure) 73061.408: [ParNew: 1754425K->5428K(1922432K), 0.0271267 secs] 1924910K->175990K(2971008K), 0.0276186 secs] [Times: user=0.05 sys=0.00, real=0.03 secs] 
2020-06-10T06:46:31.008+0800: 75873.740: [GC (Allocation Failure) 75873.740: [ParNew: 1753140K->4393K(1922432K), 0.0286380 secs] 1923702K->175061K(2971008K), 0.0291850 secs] [Times: user=0.05 sys=0.00, real=0.03 secs] 
2020-06-10T07:33:20.210+0800: 78682.942: [GC (Allocation Failure) 78682.942: [ParNew: 1752105K->4977K(1922432K), 0.0290489 secs] 1922773K->175724K(2971008K), 0.0300378 secs] [Times: user=0.05 sys=0.00, real=0.03 secs] 
2020-06-10T08:19:50.880+0800: 81473.612: [GC (Allocation Failure) 81473.612: [ParNew: 1752689K->5462K(1922432K), 0.0274580 secs] 1923436K->176327K(2971008K), 0.0278864 secs] [Times: user=0.05 sys=0.00, real=0.03 secs] 
2020-06-10T09:06:04.729+0800: 84247.461: [GC (Allocation Failure) 84247.461: [ParNew: 1753174K->5277K(1922432K), 0.0331109 secs] 1924039K->176221K(2971008K), 0.0336590 secs] [Times: user=0.06 sys=0.00, real=0.04 secs] 
2020-06-10T09:52:07.784+0800: 87010.516: [GC (Allocation Failure) 87010.516: [ParNew: 1752989K->5229K(1922432K), 0.0398072 secs] 1923933K->176252K(2971008K), 0.0402930 secs] [Times: user=0.07 sys=0.00, real=0.04 secs] 
2020-06-10T10:38:36.030+0800: 89798.762: [GC (Allocation Failure) 89798.762: [ParNew: 1752941K->5653K(1922432K), 0.0290306 secs] 1923964K->176756K(2971008K), 0.0294713 secs] [Times: user=0.05 sys=0.00, real=0.03 secs] 
2020-06-10T11:24:32.103+0800: 92554.834: [GC (Allocation Failure) 92554.835: [ParNew: 1753365K->5898K(1922432K), 0.0367332 secs] 1924468K->177080K(2971008K), 0.0372258 secs] [Times: user=0.07 sys=0.00, real=0.04 secs] 
2020-06-10T12:10:29.380+0800: 95312.112: [GC (Allocation Failure) 95312.113: [ParNew: 1753610K->4681K(1922432K), 0.0288521 secs] 1924792K->175945K(2971008K), 0.0292842 secs] [Times: user=0.05 sys=0.00, real=0.03 secs] 
2020-06-10T12:56:15.092+0800: 98057.824: [GC (Allocation Failure) 98057.824: [ParNew: 1752393K->4993K(1922432K), 0.0372750 secs] 1923657K->176369K(2971008K), 0.0377755 secs] [Times: user=0.07 sys=0.00, real=0.03 secs] 
2020-06-10T13:42:15.629+0800: 100818.361: [GC (Allocation Failure) 100818.361: [ParNew: 1752705K->4585K(1922432K), 0.0309863 secs] 1924081K->176049K(2971008K), 0.0315158 secs] [Times: user=0.05 sys=0.00, real=0.03 secs] 
2020-06-10T14:27:56.382+0800: 103559.113: [GC (Allocation Failure) 103559.114: [ParNew: 1752297K->5729K(1922432K), 0.0323441 secs] 1923761K->177296K(2971008K), 0.0328488 secs] [Times: user=0.05 sys=0.00, real=0.03 secs] 
2020-06-10T15:13:49.381+0800: 106312.112: [GC (Allocation Failure) 106312.113: [ParNew: 1753441K->5352K(1922432K), 0.0285854 secs] 1925008K->177000K(2971008K), 0.0290307 secs] [Times: user=0.05 sys=0.00, real=0.03 secs] 
2020-06-10T15:59:41.225+0800: 109063.957: [GC (Allocation Failure) 109063.957: [ParNew: 1753064K->5200K(1922432K), 0.0285428 secs] 1924712K->176930K(2971008K), 0.0290303 secs] [Times: user=0.05 sys=0.00, real=0.02 secs] 
2020-06-10T16:44:56.380+0800: 111779.112: [GC (Allocation Failure) 111779.112: [ParNew: 1752912K->4999K(1922432K), 0.0347051 secs] 1924642K->176810K(2971008K), 0.0351701 secs] [Times: user=0.06 sys=0.00, real=0.03 secs] 
2020-06-10T17:30:57.879+0800: 114540.611: [GC (Allocation Failure) 114540.611: [ParNew: 1752711K->5770K(1922432K), 0.0300270 secs] 1924522K->177660K(2971008K), 0.0304457 secs] [Times: user=0.05 sys=0.01, real=0.03 secs] 
2020-06-10T18:17:01.878+0800: 117304.609: [GC (Allocation Failure) 117304.610: [ParNew: 1753482K->5731K(1922432K), 0.0321242 secs] 1925372K->177699K(2971008K), 0.0326077 secs] [Times: user=0.06 sys=0.00, real=0.03 secs] 
